-- reference
SELECT hashint4(55);
  hashint4  
------------
 -305105437
(1 row)

SELECT hashoid(55);
  hashoid   
------------
 -305105437
(1 row)

SELECT hashint1(55::int1);
  hashint1  
------------
 -305105437
(1 row)

SELECT hashu8(55::u8);
 hashu8  
------------
 -305105437
(1 row)

SELECT hashu16(55::u16);
 hashu16  
------------
 -305105437
(1 row)

SELECT hashu32(55::u32);
 hashu32  
------------
 -305105437
(1 row)

SELECT hashu64(55::u64);
 hashu64  
------------
 -305105437
(1 row)

